INFO:     Will watch for changes in these directories: ['C:\\Users\\swapn\\OneDrive\\Desktop\\data_science\\crypto_predictor\\crypto_predictor']
INFO:     Uvicorn running on http://0.0.0.0:8000 (Press CTRL+C to quit)
INFO:     Started reloader process [29856] using WatchFiles
Process SpawnProcess-1:
Traceback (most recent call last):
  File "C:\Users\swapn\AppData\Local\Programs\Python\Python312\Lib\multiprocessing\process.py", line 314, in _bootstrap
    self.run()
  File "C:\Users\swapn\AppData\Local\Programs\Python\Python312\Lib\multiprocessing\process.py", line 108, in run
    self._target(*self._args, **self._kwargs)
  File "C:\Users\swapn\AppData\Local\Programs\Python\Python312\Lib\site-packages\uvicorn\_subprocess.py", line 80, in subprocess_started
    target(sockets=sockets)
  File "C:\Users\swapn\AppData\Local\Programs\Python\Python312\Lib\site-packages\uvicorn\server.py", line 75, in run
    return asyncio_run(self.serve(sockets=sockets), loop_factory=self.config.get_loop_factory())
           ^^^^^^^^^^^^^^^^^^^^^^^^^^^^^^^^^^^^^^^^^^^^^^^^^^^^^^^^^^^^^^^^^^^^^^^^^^^^^^^^^^^^^
  File "C:\Users\swapn\AppData\Local\Programs\Python\Python312\Lib\asyncio\runners.py", line 194, in run
    return runner.run(main)
           ^^^^^^^^^^^^^^^^
  File "C:\Users\swapn\AppData\Local\Programs\Python\Python312\Lib\asyncio\runners.py", line 118, in run
    return self._loop.run_until_complete(task)
           ^^^^^^^^^^^^^^^^^^^^^^^^^^^^^^^^^^^
  File "C:\Users\swapn\AppData\Local\Programs\Python\Python312\Lib\asyncio\base_events.py", line 684, in run_until_complete
    return future.result()
           ^^^^^^^^^^^^^^^
  File "C:\Users\swapn\AppData\Local\Programs\Python\Python312\Lib\site-packages\uvicorn\server.py", line 79, in serve
    await self._serve(sockets)
  File "C:\Users\swapn\AppData\Local\Programs\Python\Python312\Lib\site-packages\uvicorn\server.py", line 86, in _serve
    config.load()
  File "C:\Users\swapn\AppData\Local\Programs\Python\Python312\Lib\site-packages\uvicorn\config.py", line 441, in load
    self.loaded_app = import_from_string(self.app)
                      ^^^^^^^^^^^^^^^^^^^^^^^^^^^^
  File "C:\Users\swapn\AppData\Local\Programs\Python\Python312\Lib\site-packages\uvicorn\importer.py", line 19, in import_from_string
    module = importlib.import_module(module_str)
             ^^^^^^^^^^^^^^^^^^^^^^^^^^^^^^^^^^^
  File "C:\Users\swapn\AppData\Local\Programs\Python\Python312\Lib\importlib\__init__.py", line 90, in import_module
    return _bootstrap._gcd_import(name[level:], package, level)
           ^^^^^^^^^^^^^^^^^^^^^^^^^^^^^^^^^^^^^^^^^^^^^^^^^^^^
  File "<frozen importlib._bootstrap>", line 1387, in _gcd_import
  File "<frozen importlib._bootstrap>", line 1360, in _find_and_load
  File "<frozen importlib._bootstrap>", line 1331, in _find_and_load_unlocked
  File "<frozen importlib._bootstrap>", line 935, in _load_unlocked
  File "<frozen importlib._bootstrap_external>", line 994, in exec_module
  File "<frozen importlib._bootstrap>", line 488, in _call_with_frames_removed
  File "C:\Users\swapn\OneDrive\Desktop\data_science\crypto_predictor\crypto_predictor\api\main.py", line 30, in <module>
    from insight_engine.rag_pipeline import generate_market_insight
  File "C:\Users\swapn\OneDrive\Desktop\data_science\crypto_predictor\crypto_predictor\insight_engine\rag_pipeline.py", line 9, in <module>
    from langchain_community.vectorstores import FAISS
  File "<frozen importlib._bootstrap>", line 1412, in _handle_fromlist
  File "C:\Users\swapn\AppData\Local\Programs\Python\Python312\Lib\site-packages\langchain_community\vectorstores\__init__.py", line 529, in __getattr__
    module = importlib.import_module(_module_lookup[name])
             ^^^^^^^^^^^^^^^^^^^^^^^^^^^^^^^^^^^^^^^^^^^^^
  File "C:\Users\swapn\AppData\Local\Programs\Python\Python312\Lib\importlib\__init__.py", line 90, in import_module
    return _bootstrap._gcd_import(name[level:], package, level)
           ^^^^^^^^^^^^^^^^^^^^^^^^^^^^^^^^^^^^^^^^^^^^^^^^^^^^
  File "C:\Users\swapn\AppData\Local\Programs\Python\Python312\Lib\site-packages\langchain_community\vectorstores\faiss.py", line 23, in <module>
    import numpy as np
  File "C:\Users\swapn\AppData\Local\Programs\Python\Python312\Lib\site-packages\numpy\__init__.py", line 194, in <module>
    from . import lib
  File "C:\Users\swapn\AppData\Local\Programs\Python\Python312\Lib\site-packages\numpy\lib\__init__.py", line 23, in <module>
    from . import _index_tricks_impl
  File "C:\Users\swapn\AppData\Local\Programs\Python\Python312\Lib\site-packages\numpy\lib\_index_tricks_impl.py", line 12, in <module>
    import numpy.matrixlib as matrixlib
  File "C:\Users\swapn\AppData\Local\Programs\Python\Python312\Lib\site-packages\numpy\matrixlib\__init__.py", line 4, in <module>
    from . import defmatrix
  File "C:\Users\swapn\AppData\Local\Programs\Python\Python312\Lib\site-packages\numpy\matrixlib\defmatrix.py", line 12, in <module>
    from numpy.linalg import matrix_power
  File "C:\Users\swapn\AppData\Local\Programs\Python\Python312\Lib\site-packages\numpy\linalg\__init__.py", line 88, in <module>
    from . import _linalg
  File "C:\Users\swapn\AppData\Local\Programs\Python\Python312\Lib\site-packages\numpy\linalg\_linalg.py", line 41, in <module>
    from numpy._typing import NDArray
  File "C:\Users\swapn\AppData\Local\Programs\Python\Python312\Lib\site-packages\numpy\_typing\__init__.py", line 5, in <module>
    from ._nested_sequence import (
  File "C:\Users\swapn\AppData\Local\Programs\Python\Python312\Lib\site-packages\numpy\_typing\_nested_sequence.py", line 22, in <module>
    class _NestedSequence(Protocol[_T_co]):
  File "C:\Users\swapn\AppData\Local\Programs\Python\Python312\Lib\typing.py", line 1817, in __new__
    return super().__new__(mcls, name, bases, namespace, **kwargs)
           ^^^^^^^^^^^^^^^^^^^^^^^^^^^^^^^^^^^^^^^^^^^^^^^^^^^^^^^
  File "<frozen abc>", line 106, in __new__
  File "C:\Users\swapn\AppData\Local\Programs\Python\Python312\Lib\typing.py", line 1948, in __init_subclass__
    super().__init_subclass__(*args, **kwargs)
  File "C:\Users\swapn\AppData\Local\Programs\Python\Python312\Lib\typing.py", line 1091, in _generic_init_subclass
    tvars = _collect_parameters(cls.__orig_bases__)
            ^^^^^^^^^^^^^^^^^^^^^^^^^^^^^^^^^^^^^^^
  File "C:\Users\swapn\AppData\Local\Programs\Python\Python312\Lib\site-packages\typing_extensions.py", line 3257, in _collect_parameters
    elif hasattr(t, '__typing_subst__'):
         ^^^^^^^^^^^^^^^^^^^^^^^^^^^^^^
  File "C:\Users\swapn\AppData\Local\Programs\Python\Python312\Lib\typing.py", line 1165, in __getattr__
    if '__origin__' in self.__dict__ and not _is_dunder(attr):
                                             ^^^^^^^^^^^^^^^^
MemoryError
