Traceback (most recent call last):
  File "C:\Users\swapn\OneDrive\Desktop\data_science\crypto_predictor\crypto_predictor\run_pipeline.py", line 34, in <module>
    from insight_engine.embeddings import build_vector_store
  File "C:\Users\swapn\OneDrive\Desktop\data_science\crypto_predictor\crypto_predictor\insight_engine\embeddings.py", line 13, in <module>
    from langchain_community.vectorstores import FAISS
  File "<frozen importlib._bootstrap>", line 1412, in _handle_fromlist
  File "C:\Users\swapn\AppData\Local\Programs\Python\Python312\Lib\site-packages\langchain_community\vectorstores\__init__.py", line 529, in __getattr__
    module = importlib.import_module(_module_lookup[name])
             ^^^^^^^^^^^^^^^^^^^^^^^^^^^^^^^^^^^^^^^^^^^^^
  File "C:\Users\swapn\AppData\Local\Programs\Python\Python312\Lib\importlib\__init__.py", line 90, in import_module
    return _bootstrap._gcd_import(name[level:], package, level)
           ^^^^^^^^^^^^^^^^^^^^^^^^^^^^^^^^^^^^^^^^^^^^^^^^^^^^
  File "C:\Users\swapn\AppData\Local\Programs\Python\Python312\Lib\site-packages\langchain_community\vectorstores\faiss.py", line 27, in <module>
    from langchain_core.vectorstores import VectorStore
  File "<frozen importlib._bootstrap>", line 1412, in _handle_fromlist
  File "C:\Users\swapn\AppData\Local\Programs\Python\Python312\Lib\site-packages\langchain_core\vectorstores\__init__.py", line 42, in __getattr__
    result = import_attr(attr_name, module_name, __spec__.parent)
             ^^^^^^^^^^^^^^^^^^^^^^^^^^^^^^^^^^^^^^^^^^^^^^^^^^^^
  File "C:\Users\swapn\AppData\Local\Programs\Python\Python312\Lib\site-packages\langchain_core\_import_utils.py", line 36, in import_attr
    module = import_module(f".{module_name}", package=package)
             ^^^^^^^^^^^^^^^^^^^^^^^^^^^^^^^^^^^^^^^^^^^^^^^^^
  File "C:\Users\swapn\AppData\Local\Programs\Python\Python312\Lib\importlib\__init__.py", line 90, in import_module
    return _bootstrap._gcd_import(name[level:], package, level)
           ^^^^^^^^^^^^^^^^^^^^^^^^^^^^^^^^^^^^^^^^^^^^^^^^^^^^
  File "C:\Users\swapn\AppData\Local\Programs\Python\Python312\Lib\site-packages\langchain_core\vectorstores\base.py", line 27, in <module>
    from langchain_core.retrievers import BaseRetriever, LangSmithRetrieverParams
  File "C:\Users\swapn\AppData\Local\Programs\Python\Python312\Lib\site-packages\langchain_core\retrievers.py", line 19, in <module>
    from langchain_core.runnables import (
  File "<frozen importlib._bootstrap>", line 1412, in _handle_fromlist
  File "C:\Users\swapn\AppData\Local\Programs\Python\Python312\Lib\site-packages\langchain_core\runnables\__init__.py", line 130, in __getattr__
    result = import_attr(attr_name, module_name, __spec__.parent)
             ^^^^^^^^^^^^^^^^^^^^^^^^^^^^^^^^^^^^^^^^^^^^^^^^^^^^
  File "C:\Users\swapn\AppData\Local\Programs\Python\Python312\Lib\site-packages\langchain_core\_import_utils.py", line 36, in import_attr
    module = import_module(f".{module_name}", package=package)
             ^^^^^^^^^^^^^^^^^^^^^^^^^^^^^^^^^^^^^^^^^^^^^^^^^
  File "C:\Users\swapn\AppData\Local\Programs\Python\Python312\Lib\importlib\__init__.py", line 90, in import_module
    return _bootstrap._gcd_import(name[level:], package, level)
           ^^^^^^^^^^^^^^^^^^^^^^^^^^^^^^^^^^^^^^^^^^^^^^^^^^^^
  File "C:\Users\swapn\AppData\Local\Programs\Python\Python312\Lib\site-packages\langchain_core\runnables\base.py", line 85, in <module>
    from langchain_core.tracers.event_stream import (
  File "C:\Users\swapn\AppData\Local\Programs\Python\Python312\Lib\site-packages\langchain_core\tracers\event_stream.py", line 38, in <module>
    from langchain_core.tracers.log_stream import (
  File "C:\Users\swapn\AppData\Local\Programs\Python\Python312\Lib\site-packages\langchain_core\tracers\log_stream.py", line 28, in <module>
    from langchain_core.tracers.base import BaseTracer
  File "C:\Users\swapn\AppData\Local\Programs\Python\Python312\Lib\site-packages\langchain_core\tracers\base.py", line 17, in <module>
    from langchain_core.tracers.core import _TracerCore
  File "C:\Users\swapn\AppData\Local\Programs\Python\Python312\Lib\site-packages\langchain_core\tracers\core.py", line 18, in <module>
    from langchain_core.tracers.schemas import Run
  File "C:\Users\swapn\AppData\Local\Programs\Python\Python312\Lib\site-packages\langchain_core\tracers\schemas.py", line 5, in <module>
    from langsmith import RunTree
  File "<frozen importlib._bootstrap>", line 1412, in _handle_fromlist
  File "C:\Users\swapn\AppData\Local\Programs\Python\Python312\Lib\site-packages\langsmith\__init__.py", line 48, in __getattr__
    from langsmith.run_trees import RunTree
  File "C:\Users\swapn\AppData\Local\Programs\Python\Python312\Lib\site-packages\langsmith\run_trees.py", line 21, in <module>
    from langsmith import schemas as ls_schemas
  File "C:\Users\swapn\AppData\Local\Programs\Python\Python312\Lib\site-packages\langsmith\schemas.py", line 253, in <module>
    class Dataset(DatasetBase):
  File "C:\Users\swapn\AppData\Local\Programs\Python\Python312\Lib\site-packages\pydantic\_internal\_model_construction.py", line 237, in __new__
    complete_model_class(
  File "C:\Users\swapn\AppData\Local\Programs\Python\Python312\Lib\site-packages\pydantic\_internal\_model_construction.py", line 597, in complete_model_class
    schema = gen_schema.generate_schema(cls)
             ^^^^^^^^^^^^^^^^^^^^^^^^^^^^^^^
  File "C:\Users\swapn\AppData\Local\Programs\Python\Python312\Lib\site-packages\pydantic\_internal\_generate_schema.py", line 711, in generate_schema
    schema = self._generate_schema_inner(obj)
             ^^^^^^^^^^^^^^^^^^^^^^^^^^^^^^^^
  File "C:\Users\swapn\AppData\Local\Programs\Python\Python312\Lib\site-packages\pydantic\_internal\_generate_schema.py", line 1004, in _generate_schema_inner
    return self._model_schema(obj)
           ^^^^^^^^^^^^^^^^^^^^^^^
  File "C:\Users\swapn\AppData\Local\Programs\Python\Python312\Lib\site-packages\pydantic\_internal\_generate_schema.py", line 837, in _model_schema
    {k: self._generate_md_field_schema(k, v, decorators) for k, v in fields.items()},
        ^^^^^^^^^^^^^^^^^^^^^^^^^^^^^^^^^^^^^^^^^^^^^^^^
  File "C:\Users\swapn\AppData\Local\Programs\Python\Python312\Lib\site-packages\pydantic\_internal\_generate_schema.py", line 1206, in _generate_md_field_schema
    common_field = self._common_field_schema(name, field_info, decorators)
                   ^^^^^^^^^^^^^^^^^^^^^^^^^^^^^^^^^^^^^^^^^^^^^^^^^^^^^^^
  File "C:\Users\swapn\AppData\Local\Programs\Python\Python312\Lib\site-packages\pydantic\_internal\_generate_schema.py", line 1372, in _common_field_schema
    schema = self._apply_annotations(
             ^^^^^^^^^^^^^^^^^^^^^^^^
  File "C:\Users\swapn\AppData\Local\Programs\Python\Python312\Lib\site-packages\pydantic\_internal\_generate_schema.py", line 2297, in _apply_annotations
    schema = get_inner_schema(source_type)
             ^^^^^^^^^^^^^^^^^^^^^^^^^^^^^
  File "C:\Users\swapn\AppData\Local\Programs\Python\Python312\Lib\site-packages\pydantic\_internal\_schema_generation_shared.py", line 83, in __call__
    schema = self._handler(source_type)
             ^^^^^^^^^^^^^^^^^^^^^^^^^^
  File "C:\Users\swapn\AppData\Local\Programs\Python\Python312\Lib\site-packages\pydantic\_internal\_generate_schema.py", line 2276, in inner_handler
    schema = self._generate_schema_from_get_schema_method(obj, source_type)
             ^^^^^^^^^^^^^^^^^^^^^^^^^^^^^^^^^^^^^^^^^^^^^^^^^^^^^^^^^^^^^^
MemoryError
